Analysis & Synthesis report for DUT
Tue Dec 06 22:53:17 2022
Quartus Prime Version 20.1.1 Build 720 11/11/2020 SJ Lite Edition


---------------------
; Table of Contents ;
---------------------
  1. Legal Notice
  2. Analysis & Synthesis Summary
  3. Analysis & Synthesis Settings
  4. Parallel Compilation
  5. Analysis & Synthesis Source Files Read
  6. Analysis & Synthesis Resource Usage Summary
  7. Analysis & Synthesis Resource Utilization by Entity
  8. Registers Removed During Synthesis
  9. General Register Statistics
 10. Multiplexer Restructuring Statistics (Restructuring Performed)
 11. Parameter Settings for User Entity Instance: Top-level Entity: |ROB
 12. Analysis & Synthesis Messages



----------------
; Legal Notice ;
----------------
Copyright (C) 2020  Intel Corporation. All rights reserved.
Your use of Intel Corporation's design tools, logic functions 
and other software and tools, and any partner logic 
functions, and any output files from any of the foregoing 
(including device programming or simulation files), and any 
associated documentation or information are expressly subject 
to the terms and conditions of the Intel Program License 
Subscription Agreement, the Intel Quartus Prime License Agreement,
the Intel FPGA IP License Agreement, or other applicable license
agreement, including, without limitation, that your use is for
the sole purpose of programming logic devices manufactured by
Intel and sold by Intel or its authorized distributors.  Please
refer to the applicable agreement for further details, at
https://fpgasoftware.intel.com/eula.



+---------------------------------------------------------------------------+
; Analysis & Synthesis Summary                                              ;
+-----------------------------+---------------------------------------------+
; Analysis & Synthesis Status ; Successful - Tue Dec 06 22:53:17 2022       ;
; Quartus Prime Version       ; 20.1.1 Build 720 11/11/2020 SJ Lite Edition ;
; Revision Name               ; DUT                                         ;
; Top-level Entity Name       ; ROB                                         ;
; Family                      ; MAX V                                       ;
; Total logic elements        ; 22,959                                      ;
; Total pins                  ; 533                                         ;
; Total virtual pins          ; 0                                           ;
; UFM blocks                  ; 0 / 1 ( 0 % )                               ;
+-----------------------------+---------------------------------------------+


+------------------------------------------------------------------------------------------------------------+
; Analysis & Synthesis Settings                                                                              ;
+------------------------------------------------------------------+--------------------+--------------------+
; Option                                                           ; Setting            ; Default Value      ;
+------------------------------------------------------------------+--------------------+--------------------+
; Device                                                           ; 5M1270ZF256C5      ;                    ;
; Top-level entity name                                            ; ROB                ; DUT                ;
; Family name                                                      ; MAX V              ; Cyclone V          ;
; Use smart compilation                                            ; Off                ; Off                ;
; Enable parallel Assembler and Timing Analyzer during compilation ; On                 ; On                 ;
; Enable compact report table                                      ; Off                ; Off                ;
; Restructure Multiplexers                                         ; Auto               ; Auto               ;
; Create Debugging Nodes for IP Cores                              ; Off                ; Off                ;
; Preserve fewer node names                                        ; On                 ; On                 ;
; Intel FPGA IP Evaluation Mode                                    ; Enable             ; Enable             ;
; Verilog Version                                                  ; Verilog_2001       ; Verilog_2001       ;
; VHDL Version                                                     ; VHDL_1993          ; VHDL_1993          ;
; State Machine Processing                                         ; Auto               ; Auto               ;
; Safe State Machine                                               ; Off                ; Off                ;
; Extract Verilog State Machines                                   ; On                 ; On                 ;
; Extract VHDL State Machines                                      ; On                 ; On                 ;
; Ignore Verilog initial constructs                                ; Off                ; Off                ;
; Iteration limit for constant Verilog loops                       ; 5000               ; 5000               ;
; Iteration limit for non-constant Verilog loops                   ; 250                ; 250                ;
; Add Pass-Through Logic to Inferred RAMs                          ; On                 ; On                 ;
; Infer RAMs from Raw Logic                                        ; On                 ; On                 ;
; Parallel Synthesis                                               ; On                 ; On                 ;
; NOT Gate Push-Back                                               ; On                 ; On                 ;
; Power-Up Don't Care                                              ; On                 ; On                 ;
; Remove Redundant Logic Cells                                     ; Off                ; Off                ;
; Remove Duplicate Registers                                       ; On                 ; On                 ;
; Ignore CARRY Buffers                                             ; Off                ; Off                ;
; Ignore CASCADE Buffers                                           ; Off                ; Off                ;
; Ignore GLOBAL Buffers                                            ; Off                ; Off                ;
; Ignore ROW GLOBAL Buffers                                        ; Off                ; Off                ;
; Ignore LCELL Buffers                                             ; Off                ; Off                ;
; Ignore SOFT Buffers                                              ; On                 ; On                 ;
; Limit AHDL Integers to 32 Bits                                   ; Off                ; Off                ;
; Optimization Technique                                           ; Balanced           ; Balanced           ;
; Carry Chain Length                                               ; 70                 ; 70                 ;
; Auto Carry Chains                                                ; On                 ; On                 ;
; Auto Open-Drain Pins                                             ; On                 ; On                 ;
; Perform WYSIWYG Primitive Resynthesis                            ; Off                ; Off                ;
; Auto Shift Register Replacement                                  ; Auto               ; Auto               ;
; Allow Shift Register Merging across Hierarchies                  ; Auto               ; Auto               ;
; Auto Clock Enable Replacement                                    ; On                 ; On                 ;
; Allow Synchronous Control Signals                                ; On                 ; On                 ;
; Force Use of Synchronous Clear Signals                           ; Off                ; Off                ;
; Auto Resource Sharing                                            ; Off                ; Off                ;
; Use LogicLock Constraints during Resource Balancing              ; On                 ; On                 ;
; Ignore translate_off and synthesis_off directives                ; Off                ; Off                ;
; Report Parameter Settings                                        ; On                 ; On                 ;
; Report Source Assignments                                        ; On                 ; On                 ;
; Report Connectivity Checks                                       ; On                 ; On                 ;
; Ignore Maximum Fan-Out Assignments                               ; Off                ; Off                ;
; Synchronization Register Chain Length                            ; 2                  ; 2                  ;
; Power Optimization During Synthesis                              ; Normal compilation ; Normal compilation ;
; HDL message level                                                ; Level2             ; Level2             ;
; Suppress Register Optimization Related Messages                  ; Off                ; Off                ;
; Number of Removed Registers Reported in Synthesis Report         ; 5000               ; 5000               ;
; Number of Swept Nodes Reported in Synthesis Report               ; 5000               ; 5000               ;
; Number of Inverted Registers Reported in Synthesis Report        ; 100                ; 100                ;
; Clock MUX Protection                                             ; On                 ; On                 ;
; Block Design Naming                                              ; Auto               ; Auto               ;
; Synthesis Effort                                                 ; Auto               ; Auto               ;
; Shift Register Replacement - Allow Asynchronous Clear Signal     ; On                 ; On                 ;
; Analysis & Synthesis Message Level                               ; Medium             ; Medium             ;
; Disable Register Merging Across Hierarchies                      ; Auto               ; Auto               ;
+------------------------------------------------------------------+--------------------+--------------------+


+------------------------------------------+
; Parallel Compilation                     ;
+----------------------------+-------------+
; Processors                 ; Number      ;
+----------------------------+-------------+
; Number detected on machine ; 8           ;
; Maximum allowed            ; 4           ;
;                            ;             ;
; Average used               ; 1.00        ;
; Maximum used               ; 1           ;
;                            ;             ;
; Usage by Processor         ; % Time Used ;
;     Processor 1            ; 100.0%      ;
+----------------------------+-------------+


+-----------------------------------------------------------------------------------------------------------------------------+
; Analysis & Synthesis Source Files Read                                                                                      ;
+----------------------------------+-----------------+-----------------+--------------------------------------------+---------+
; File Name with User-Entered Path ; Used in Netlist ; File Type       ; File Name with Absolute Path               ; Library ;
+----------------------------------+-----------------+-----------------+--------------------------------------------+---------+
; ROB.vhdl                         ; yes             ; User VHDL File  ; D:/Desktop/GitHub/OOO-SuperScaler/ROB.vhdl ;         ;
+----------------------------------+-----------------+-----------------+--------------------------------------------+---------+


+-----------------------------------------------------+
; Analysis & Synthesis Resource Usage Summary         ;
+---------------------------------------------+-------+
; Resource                                    ; Usage ;
+---------------------------------------------+-------+
; Total logic elements                        ; 22959 ;
;     -- Combinational with no register       ; 18880 ;
;     -- Register only                        ; 32    ;
;     -- Combinational with a register        ; 4047  ;
;                                             ;       ;
; Logic element usage by number of LUT inputs ;       ;
;     -- 4 input functions                    ; 19314 ;
;     -- 3 input functions                    ; 3111  ;
;     -- 2 input functions                    ; 495   ;
;     -- 1 input functions                    ; 7     ;
;     -- 0 input functions                    ; 0     ;
;                                             ;       ;
; Logic elements by mode                      ;       ;
;     -- normal mode                          ; 22712 ;
;     -- arithmetic mode                      ; 247   ;
;     -- qfbk mode                            ; 0     ;
;     -- register cascade mode                ; 0     ;
;     -- synchronous clear/load mode          ; 125   ;
;     -- asynchronous clear/load mode         ; 3945  ;
;                                             ;       ;
; Total registers                             ; 4079  ;
; Total logic cells in carry chains           ; 256   ;
; I/O pins                                    ; 533   ;
; Maximum fan-out node                        ; clock ;
; Maximum fan-out                             ; 4079  ;
; Total fan-out                               ; 99836 ;
; Average fan-out                             ; 4.25  ;
+---------------------------------------------+-------+


+---------------------------------------------------------------------------------------------------------------------------------------------------------------------------------------------------------------------------------------+
; Analysis & Synthesis Resource Utilization by Entity                                                                                                                                                                                   ;
+----------------------------+---------------+--------------+------------+------+--------------+---------------+-------------------+------------------+-----------------+------------+---------------------+-------------+--------------+
; Compilation Hierarchy Node ; Logic Cells   ; LC Registers ; UFM Blocks ; Pins ; Virtual Pins ; LUT-Only LCs  ; Register-Only LCs ; LUT/Register LCs ; Carry Chain LCs ; Packed LCs ; Full Hierarchy Name ; Entity Name ; Library Name ;
+----------------------------+---------------+--------------+------------+------+--------------+---------------+-------------------+------------------+-----------------+------------+---------------------+-------------+--------------+
; |ROB                       ; 22959 (22959) ; 4079         ; 0          ; 533  ; 0            ; 18880 (18880) ; 32 (32)           ; 4047 (4047)      ; 256 (256)       ; 0 (0)      ; |ROB                ; ROB         ; work         ;
+----------------------------+---------------+--------------+------------+------+--------------+---------------+-------------------+------------------+-----------------+------------+---------------------+-------------+--------------+
Note: For table entries with two numbers listed, the numbers in parentheses indicate the number of resources of the given type used by the specific entity alone. The numbers listed outside of parentheses indicate the total resources of the given type used by the specific entity and all of its sub-entities in the hierarchy.


+--------------------------------------------------------------------------------+
; Registers Removed During Synthesis                                             ;
+---------------------------------------+----------------------------------------+
; Register name                         ; Reason for Removal                     ;
+---------------------------------------+----------------------------------------+
; which_store[1]                        ; Stuck at GND due to stuck port data_in ;
; dest_en1~reg0                         ; Merged with cz_write_en1~reg0          ;
; dest_en2~reg0                         ; Merged with cz_write_en2~reg0          ;
; which_en[1]                           ; Merged with which_dest[1]              ;
; which_en[0]                           ; Merged with which_dest[0]              ;
; rob_full~reg0                         ; Stuck at GND due to stuck port data_in ;
; Total Number of Removed Registers = 6 ;                                        ;
+---------------------------------------+----------------------------------------+


+------------------------------------------------------+
; General Register Statistics                          ;
+----------------------------------------------+-------+
; Statistic                                    ; Value ;
+----------------------------------------------+-------+
; Total registers                              ; 4079  ;
; Number of registers using Synchronous Clear  ; 0     ;
; Number of registers using Synchronous Load   ; 125   ;
; Number of registers using Asynchronous Clear ; 3945  ;
; Number of registers using Asynchronous Load  ; 0     ;
; Number of registers using Clock Enable       ; 3806  ;
; Number of registers using Preset             ; 0     ;
+----------------------------------------------+-------+


+-------------------------------------------------------------------------------------------------------------------------------------------+
; Multiplexer Restructuring Statistics (Restructuring Performed)                                                                            ;
+--------------------+-----------+---------------+----------------------+------------------------+------------+-----------------------------+
; Multiplexer Inputs ; Bus Width ; Baseline Area ; Area if Restructured ; Saving if Restructured ; Registered ; Example Multiplexer Output  ;
+--------------------+-----------+---------------+----------------------+------------------------+------------+-----------------------------+
; 3:1                ; 37 bits   ; 74 LEs        ; 37 LEs               ; 37 LEs                 ; Yes        ; |ROB|rob_entry[0][50]       ;
; 3:1                ; 37 bits   ; 74 LEs        ; 37 LEs               ; 37 LEs                 ; Yes        ; |ROB|rob_entry[1][58]       ;
; 3:1                ; 37 bits   ; 74 LEs        ; 37 LEs               ; 37 LEs                 ; Yes        ; |ROB|rob_entry[2][29]       ;
; 3:1                ; 37 bits   ; 74 LEs        ; 37 LEs               ; 37 LEs                 ; Yes        ; |ROB|rob_entry[3][42]       ;
; 3:1                ; 37 bits   ; 74 LEs        ; 37 LEs               ; 37 LEs                 ; Yes        ; |ROB|rob_entry[4][27]       ;
; 3:1                ; 37 bits   ; 74 LEs        ; 37 LEs               ; 37 LEs                 ; Yes        ; |ROB|rob_entry[5][43]       ;
; 3:1                ; 37 bits   ; 74 LEs        ; 37 LEs               ; 37 LEs                 ; Yes        ; |ROB|rob_entry[6][59]       ;
; 3:1                ; 37 bits   ; 74 LEs        ; 37 LEs               ; 37 LEs                 ; Yes        ; |ROB|rob_entry[7][33]       ;
; 3:1                ; 37 bits   ; 74 LEs        ; 37 LEs               ; 37 LEs                 ; Yes        ; |ROB|rob_entry[8][59]       ;
; 3:1                ; 37 bits   ; 74 LEs        ; 37 LEs               ; 37 LEs                 ; Yes        ; |ROB|rob_entry[9][46]       ;
; 3:1                ; 37 bits   ; 74 LEs        ; 37 LEs               ; 37 LEs                 ; Yes        ; |ROB|rob_entry[10][48]      ;
; 3:1                ; 37 bits   ; 74 LEs        ; 37 LEs               ; 37 LEs                 ; Yes        ; |ROB|rob_entry[11][31]      ;
; 3:1                ; 37 bits   ; 74 LEs        ; 37 LEs               ; 37 LEs                 ; Yes        ; |ROB|rob_entry[12][31]      ;
; 3:1                ; 37 bits   ; 74 LEs        ; 37 LEs               ; 37 LEs                 ; Yes        ; |ROB|rob_entry[13][38]      ;
; 3:1                ; 37 bits   ; 74 LEs        ; 37 LEs               ; 37 LEs                 ; Yes        ; |ROB|rob_entry[14][48]      ;
; 3:1                ; 37 bits   ; 74 LEs        ; 37 LEs               ; 37 LEs                 ; Yes        ; |ROB|rob_entry[15][40]      ;
; 3:1                ; 37 bits   ; 74 LEs        ; 37 LEs               ; 37 LEs                 ; Yes        ; |ROB|rob_entry[16][46]      ;
; 3:1                ; 37 bits   ; 74 LEs        ; 37 LEs               ; 37 LEs                 ; Yes        ; |ROB|rob_entry[17][35]      ;
; 3:1                ; 37 bits   ; 74 LEs        ; 37 LEs               ; 37 LEs                 ; Yes        ; |ROB|rob_entry[18][35]      ;
; 3:1                ; 37 bits   ; 74 LEs        ; 37 LEs               ; 37 LEs                 ; Yes        ; |ROB|rob_entry[19][35]      ;
; 3:1                ; 37 bits   ; 74 LEs        ; 37 LEs               ; 37 LEs                 ; Yes        ; |ROB|rob_entry[20][35]      ;
; 3:1                ; 37 bits   ; 74 LEs        ; 37 LEs               ; 37 LEs                 ; Yes        ; |ROB|rob_entry[21][50]      ;
; 3:1                ; 37 bits   ; 74 LEs        ; 37 LEs               ; 37 LEs                 ; Yes        ; |ROB|rob_entry[22][48]      ;
; 3:1                ; 37 bits   ; 74 LEs        ; 37 LEs               ; 37 LEs                 ; Yes        ; |ROB|rob_entry[23][35]      ;
; 3:1                ; 37 bits   ; 74 LEs        ; 37 LEs               ; 37 LEs                 ; Yes        ; |ROB|rob_entry[24][36]      ;
; 3:1                ; 37 bits   ; 74 LEs        ; 37 LEs               ; 37 LEs                 ; Yes        ; |ROB|rob_entry[25][35]      ;
; 3:1                ; 37 bits   ; 74 LEs        ; 37 LEs               ; 37 LEs                 ; Yes        ; |ROB|rob_entry[26][7]       ;
; 3:1                ; 37 bits   ; 74 LEs        ; 37 LEs               ; 37 LEs                 ; Yes        ; |ROB|rob_entry[27][5]       ;
; 3:1                ; 37 bits   ; 74 LEs        ; 37 LEs               ; 37 LEs                 ; Yes        ; |ROB|rob_entry[28][44]      ;
; 3:1                ; 37 bits   ; 74 LEs        ; 37 LEs               ; 37 LEs                 ; Yes        ; |ROB|rob_entry[29][42]      ;
; 3:1                ; 37 bits   ; 74 LEs        ; 37 LEs               ; 37 LEs                 ; Yes        ; |ROB|rob_entry[30][35]      ;
; 3:1                ; 37 bits   ; 74 LEs        ; 37 LEs               ; 37 LEs                 ; Yes        ; |ROB|rob_entry[31][34]      ;
; 3:1                ; 37 bits   ; 74 LEs        ; 37 LEs               ; 37 LEs                 ; Yes        ; |ROB|rob_entry[32][40]      ;
; 3:1                ; 37 bits   ; 74 LEs        ; 37 LEs               ; 37 LEs                 ; Yes        ; |ROB|rob_entry[33][7]       ;
; 3:1                ; 37 bits   ; 74 LEs        ; 37 LEs               ; 37 LEs                 ; Yes        ; |ROB|rob_entry[34][41]      ;
; 3:1                ; 37 bits   ; 74 LEs        ; 37 LEs               ; 37 LEs                 ; Yes        ; |ROB|rob_entry[35][54]      ;
; 3:1                ; 37 bits   ; 74 LEs        ; 37 LEs               ; 37 LEs                 ; Yes        ; |ROB|rob_entry[36][36]      ;
; 3:1                ; 37 bits   ; 74 LEs        ; 37 LEs               ; 37 LEs                 ; Yes        ; |ROB|rob_entry[37][33]      ;
; 3:1                ; 37 bits   ; 74 LEs        ; 37 LEs               ; 37 LEs                 ; Yes        ; |ROB|rob_entry[38][43]      ;
; 3:1                ; 37 bits   ; 74 LEs        ; 37 LEs               ; 37 LEs                 ; Yes        ; |ROB|rob_entry[39][48]      ;
; 3:1                ; 37 bits   ; 74 LEs        ; 37 LEs               ; 37 LEs                 ; Yes        ; |ROB|rob_entry[40][37]      ;
; 3:1                ; 37 bits   ; 74 LEs        ; 37 LEs               ; 37 LEs                 ; Yes        ; |ROB|rob_entry[41][57]      ;
; 3:1                ; 37 bits   ; 74 LEs        ; 37 LEs               ; 37 LEs                 ; Yes        ; |ROB|rob_entry[42][42]      ;
; 3:1                ; 37 bits   ; 74 LEs        ; 37 LEs               ; 37 LEs                 ; Yes        ; |ROB|rob_entry[43][43]      ;
; 3:1                ; 37 bits   ; 74 LEs        ; 37 LEs               ; 37 LEs                 ; Yes        ; |ROB|rob_entry[44][26]      ;
; 3:1                ; 37 bits   ; 74 LEs        ; 37 LEs               ; 37 LEs                 ; Yes        ; |ROB|rob_entry[45][43]      ;
; 3:1                ; 37 bits   ; 74 LEs        ; 37 LEs               ; 37 LEs                 ; Yes        ; |ROB|rob_entry[46][28]      ;
; 3:1                ; 37 bits   ; 74 LEs        ; 37 LEs               ; 37 LEs                 ; Yes        ; |ROB|rob_entry[47][31]      ;
; 3:1                ; 37 bits   ; 74 LEs        ; 37 LEs               ; 37 LEs                 ; Yes        ; |ROB|rob_entry[48][31]      ;
; 3:1                ; 37 bits   ; 74 LEs        ; 37 LEs               ; 37 LEs                 ; Yes        ; |ROB|rob_entry[49][50]      ;
; 3:1                ; 37 bits   ; 74 LEs        ; 37 LEs               ; 37 LEs                 ; Yes        ; |ROB|rob_entry[50][55]      ;
; 4:1                ; 20 bits   ; 40 LEs        ; 20 LEs               ; 20 LEs                 ; Yes        ; |ROB|current_pc[0]~reg0     ;
; 5:1                ; 16 bits   ; 48 LEs        ; 32 LEs               ; 16 LEs                 ; Yes        ; |ROB|rob_entry[0][70]       ;
; 5:1                ; 16 bits   ; 48 LEs        ; 32 LEs               ; 16 LEs                 ; Yes        ; |ROB|rob_entry[1][64]       ;
; 5:1                ; 16 bits   ; 48 LEs        ; 32 LEs               ; 16 LEs                 ; Yes        ; |ROB|rob_entry[2][62]       ;
; 5:1                ; 16 bits   ; 48 LEs        ; 32 LEs               ; 16 LEs                 ; Yes        ; |ROB|rob_entry[3][62]       ;
; 5:1                ; 16 bits   ; 48 LEs        ; 32 LEs               ; 16 LEs                 ; Yes        ; |ROB|rob_entry[4][68]       ;
; 5:1                ; 16 bits   ; 48 LEs        ; 32 LEs               ; 16 LEs                 ; Yes        ; |ROB|rob_entry[5][64]       ;
; 5:1                ; 16 bits   ; 48 LEs        ; 32 LEs               ; 16 LEs                 ; Yes        ; |ROB|rob_entry[6][62]       ;
; 5:1                ; 16 bits   ; 48 LEs        ; 32 LEs               ; 16 LEs                 ; Yes        ; |ROB|rob_entry[7][60]       ;
; 5:1                ; 16 bits   ; 48 LEs        ; 32 LEs               ; 16 LEs                 ; Yes        ; |ROB|rob_entry[8][71]       ;
; 5:1                ; 16 bits   ; 48 LEs        ; 32 LEs               ; 16 LEs                 ; Yes        ; |ROB|rob_entry[9][64]       ;
; 5:1                ; 16 bits   ; 48 LEs        ; 32 LEs               ; 16 LEs                 ; Yes        ; |ROB|rob_entry[10][60]      ;
; 5:1                ; 16 bits   ; 48 LEs        ; 32 LEs               ; 16 LEs                 ; Yes        ; |ROB|rob_entry[11][73]      ;
; 5:1                ; 16 bits   ; 48 LEs        ; 32 LEs               ; 16 LEs                 ; Yes        ; |ROB|rob_entry[12][75]      ;
; 5:1                ; 16 bits   ; 48 LEs        ; 32 LEs               ; 16 LEs                 ; Yes        ; |ROB|rob_entry[13][63]      ;
; 5:1                ; 16 bits   ; 48 LEs        ; 32 LEs               ; 16 LEs                 ; Yes        ; |ROB|rob_entry[14][63]      ;
; 5:1                ; 16 bits   ; 48 LEs        ; 32 LEs               ; 16 LEs                 ; Yes        ; |ROB|rob_entry[15][61]      ;
; 5:1                ; 16 bits   ; 48 LEs        ; 32 LEs               ; 16 LEs                 ; Yes        ; |ROB|rob_entry[16][65]      ;
; 5:1                ; 16 bits   ; 48 LEs        ; 32 LEs               ; 16 LEs                 ; Yes        ; |ROB|rob_entry[17][63]      ;
; 5:1                ; 16 bits   ; 48 LEs        ; 32 LEs               ; 16 LEs                 ; Yes        ; |ROB|rob_entry[18][63]      ;
; 5:1                ; 16 bits   ; 48 LEs        ; 32 LEs               ; 16 LEs                 ; Yes        ; |ROB|rob_entry[19][63]      ;
; 5:1                ; 16 bits   ; 48 LEs        ; 32 LEs               ; 16 LEs                 ; Yes        ; |ROB|rob_entry[20][63]      ;
; 5:1                ; 16 bits   ; 48 LEs        ; 32 LEs               ; 16 LEs                 ; Yes        ; |ROB|rob_entry[21][63]      ;
; 5:1                ; 16 bits   ; 48 LEs        ; 32 LEs               ; 16 LEs                 ; Yes        ; |ROB|rob_entry[22][63]      ;
; 5:1                ; 16 bits   ; 48 LEs        ; 32 LEs               ; 16 LEs                 ; Yes        ; |ROB|rob_entry[23][63]      ;
; 5:1                ; 16 bits   ; 48 LEs        ; 32 LEs               ; 16 LEs                 ; Yes        ; |ROB|rob_entry[24][63]      ;
; 5:1                ; 16 bits   ; 48 LEs        ; 32 LEs               ; 16 LEs                 ; Yes        ; |ROB|rob_entry[25][63]      ;
; 5:1                ; 16 bits   ; 48 LEs        ; 32 LEs               ; 16 LEs                 ; Yes        ; |ROB|rob_entry[26][67]      ;
; 5:1                ; 16 bits   ; 48 LEs        ; 32 LEs               ; 16 LEs                 ; Yes        ; |ROB|rob_entry[27][70]      ;
; 5:1                ; 16 bits   ; 48 LEs        ; 32 LEs               ; 16 LEs                 ; Yes        ; |ROB|rob_entry[28][74]      ;
; 5:1                ; 16 bits   ; 48 LEs        ; 32 LEs               ; 16 LEs                 ; Yes        ; |ROB|rob_entry[29][63]      ;
; 5:1                ; 16 bits   ; 48 LEs        ; 32 LEs               ; 16 LEs                 ; Yes        ; |ROB|rob_entry[30][63]      ;
; 5:1                ; 16 bits   ; 48 LEs        ; 32 LEs               ; 16 LEs                 ; Yes        ; |ROB|rob_entry[31][63]      ;
; 5:1                ; 16 bits   ; 48 LEs        ; 32 LEs               ; 16 LEs                 ; Yes        ; |ROB|rob_entry[32][63]      ;
; 5:1                ; 16 bits   ; 48 LEs        ; 32 LEs               ; 16 LEs                 ; Yes        ; |ROB|rob_entry[33][63]      ;
; 5:1                ; 16 bits   ; 48 LEs        ; 32 LEs               ; 16 LEs                 ; Yes        ; |ROB|rob_entry[34][63]      ;
; 5:1                ; 16 bits   ; 48 LEs        ; 32 LEs               ; 16 LEs                 ; Yes        ; |ROB|rob_entry[35][63]      ;
; 5:1                ; 16 bits   ; 48 LEs        ; 32 LEs               ; 16 LEs                 ; Yes        ; |ROB|rob_entry[36][63]      ;
; 5:1                ; 16 bits   ; 48 LEs        ; 32 LEs               ; 16 LEs                 ; Yes        ; |ROB|rob_entry[37][63]      ;
; 5:1                ; 16 bits   ; 48 LEs        ; 32 LEs               ; 16 LEs                 ; Yes        ; |ROB|rob_entry[38][63]      ;
; 5:1                ; 16 bits   ; 48 LEs        ; 32 LEs               ; 16 LEs                 ; Yes        ; |ROB|rob_entry[39][63]      ;
; 5:1                ; 16 bits   ; 48 LEs        ; 32 LEs               ; 16 LEs                 ; Yes        ; |ROB|rob_entry[40][63]      ;
; 5:1                ; 16 bits   ; 48 LEs        ; 32 LEs               ; 16 LEs                 ; Yes        ; |ROB|rob_entry[41][63]      ;
; 5:1                ; 16 bits   ; 48 LEs        ; 32 LEs               ; 16 LEs                 ; Yes        ; |ROB|rob_entry[42][63]      ;
; 5:1                ; 16 bits   ; 48 LEs        ; 32 LEs               ; 16 LEs                 ; Yes        ; |ROB|rob_entry[43][61]      ;
; 5:1                ; 16 bits   ; 48 LEs        ; 32 LEs               ; 16 LEs                 ; Yes        ; |ROB|rob_entry[44][64]      ;
; 5:1                ; 16 bits   ; 48 LEs        ; 32 LEs               ; 16 LEs                 ; Yes        ; |ROB|rob_entry[45][60]      ;
; 5:1                ; 16 bits   ; 48 LEs        ; 32 LEs               ; 16 LEs                 ; Yes        ; |ROB|rob_entry[46][66]      ;
; 5:1                ; 16 bits   ; 48 LEs        ; 32 LEs               ; 16 LEs                 ; Yes        ; |ROB|rob_entry[47][72]      ;
; 5:1                ; 16 bits   ; 48 LEs        ; 32 LEs               ; 16 LEs                 ; Yes        ; |ROB|rob_entry[48][71]      ;
; 5:1                ; 16 bits   ; 48 LEs        ; 32 LEs               ; 16 LEs                 ; Yes        ; |ROB|rob_entry[49][71]      ;
; 5:1                ; 16 bits   ; 48 LEs        ; 32 LEs               ; 16 LEs                 ; Yes        ; |ROB|rob_entry[50][73]      ;
; 7:1                ; 3 bits    ; 12 LEs        ; 12 LEs               ; 0 LEs                  ; Yes        ; |ROB|rob_entry[0][2]        ;
; 7:1                ; 3 bits    ; 12 LEs        ; 12 LEs               ; 0 LEs                  ; Yes        ; |ROB|rob_entry[1][3]        ;
; 7:1                ; 3 bits    ; 12 LEs        ; 12 LEs               ; 0 LEs                  ; Yes        ; |ROB|rob_entry[2][2]        ;
; 7:1                ; 3 bits    ; 12 LEs        ; 12 LEs               ; 0 LEs                  ; Yes        ; |ROB|rob_entry[3][2]        ;
; 7:1                ; 3 bits    ; 12 LEs        ; 12 LEs               ; 0 LEs                  ; Yes        ; |ROB|rob_entry[4][2]        ;
; 7:1                ; 3 bits    ; 12 LEs        ; 12 LEs               ; 0 LEs                  ; Yes        ; |ROB|rob_entry[5][2]        ;
; 7:1                ; 3 bits    ; 12 LEs        ; 12 LEs               ; 0 LEs                  ; Yes        ; |ROB|rob_entry[6][3]        ;
; 7:1                ; 3 bits    ; 12 LEs        ; 12 LEs               ; 0 LEs                  ; Yes        ; |ROB|rob_entry[7][2]        ;
; 7:1                ; 3 bits    ; 12 LEs        ; 12 LEs               ; 0 LEs                  ; Yes        ; |ROB|rob_entry[8][4]        ;
; 7:1                ; 3 bits    ; 12 LEs        ; 12 LEs               ; 0 LEs                  ; Yes        ; |ROB|rob_entry[9][4]        ;
; 7:1                ; 3 bits    ; 12 LEs        ; 12 LEs               ; 0 LEs                  ; Yes        ; |ROB|rob_entry[10][3]       ;
; 7:1                ; 3 bits    ; 12 LEs        ; 12 LEs               ; 0 LEs                  ; Yes        ; |ROB|rob_entry[11][4]       ;
; 7:1                ; 3 bits    ; 12 LEs        ; 12 LEs               ; 0 LEs                  ; Yes        ; |ROB|rob_entry[12][4]       ;
; 7:1                ; 3 bits    ; 12 LEs        ; 12 LEs               ; 0 LEs                  ; Yes        ; |ROB|rob_entry[13][4]       ;
; 7:1                ; 3 bits    ; 12 LEs        ; 12 LEs               ; 0 LEs                  ; Yes        ; |ROB|rob_entry[14][3]       ;
; 7:1                ; 3 bits    ; 12 LEs        ; 12 LEs               ; 0 LEs                  ; Yes        ; |ROB|rob_entry[15][4]       ;
; 7:1                ; 3 bits    ; 12 LEs        ; 12 LEs               ; 0 LEs                  ; Yes        ; |ROB|rob_entry[16][3]       ;
; 7:1                ; 3 bits    ; 12 LEs        ; 12 LEs               ; 0 LEs                  ; Yes        ; |ROB|rob_entry[17][2]       ;
; 7:1                ; 3 bits    ; 12 LEs        ; 12 LEs               ; 0 LEs                  ; Yes        ; |ROB|rob_entry[18][3]       ;
; 7:1                ; 3 bits    ; 12 LEs        ; 12 LEs               ; 0 LEs                  ; Yes        ; |ROB|rob_entry[19][3]       ;
; 7:1                ; 3 bits    ; 12 LEs        ; 12 LEs               ; 0 LEs                  ; Yes        ; |ROB|rob_entry[20][3]       ;
; 7:1                ; 3 bits    ; 12 LEs        ; 12 LEs               ; 0 LEs                  ; Yes        ; |ROB|rob_entry[21][3]       ;
; 7:1                ; 3 bits    ; 12 LEs        ; 12 LEs               ; 0 LEs                  ; Yes        ; |ROB|rob_entry[22][2]       ;
; 7:1                ; 3 bits    ; 12 LEs        ; 12 LEs               ; 0 LEs                  ; Yes        ; |ROB|rob_entry[23][2]       ;
; 7:1                ; 3 bits    ; 12 LEs        ; 12 LEs               ; 0 LEs                  ; Yes        ; |ROB|rob_entry[24][2]       ;
; 7:1                ; 3 bits    ; 12 LEs        ; 12 LEs               ; 0 LEs                  ; Yes        ; |ROB|rob_entry[25][3]       ;
; 7:1                ; 3 bits    ; 12 LEs        ; 12 LEs               ; 0 LEs                  ; Yes        ; |ROB|rob_entry[26][3]       ;
; 7:1                ; 3 bits    ; 12 LEs        ; 12 LEs               ; 0 LEs                  ; Yes        ; |ROB|rob_entry[27][3]       ;
; 7:1                ; 3 bits    ; 12 LEs        ; 12 LEs               ; 0 LEs                  ; Yes        ; |ROB|rob_entry[28][3]       ;
; 7:1                ; 3 bits    ; 12 LEs        ; 12 LEs               ; 0 LEs                  ; Yes        ; |ROB|rob_entry[29][3]       ;
; 7:1                ; 3 bits    ; 12 LEs        ; 12 LEs               ; 0 LEs                  ; Yes        ; |ROB|rob_entry[30][3]       ;
; 7:1                ; 3 bits    ; 12 LEs        ; 12 LEs               ; 0 LEs                  ; Yes        ; |ROB|rob_entry[31][3]       ;
; 7:1                ; 3 bits    ; 12 LEs        ; 12 LEs               ; 0 LEs                  ; Yes        ; |ROB|rob_entry[32][3]       ;
; 7:1                ; 3 bits    ; 12 LEs        ; 12 LEs               ; 0 LEs                  ; Yes        ; |ROB|rob_entry[33][4]       ;
; 7:1                ; 3 bits    ; 12 LEs        ; 12 LEs               ; 0 LEs                  ; Yes        ; |ROB|rob_entry[34][4]       ;
; 7:1                ; 3 bits    ; 12 LEs        ; 12 LEs               ; 0 LEs                  ; Yes        ; |ROB|rob_entry[35][2]       ;
; 7:1                ; 3 bits    ; 12 LEs        ; 12 LEs               ; 0 LEs                  ; Yes        ; |ROB|rob_entry[36][4]       ;
; 7:1                ; 3 bits    ; 12 LEs        ; 12 LEs               ; 0 LEs                  ; Yes        ; |ROB|rob_entry[37][2]       ;
; 7:1                ; 3 bits    ; 12 LEs        ; 12 LEs               ; 0 LEs                  ; Yes        ; |ROB|rob_entry[38][4]       ;
; 7:1                ; 3 bits    ; 12 LEs        ; 12 LEs               ; 0 LEs                  ; Yes        ; |ROB|rob_entry[39][4]       ;
; 7:1                ; 3 bits    ; 12 LEs        ; 12 LEs               ; 0 LEs                  ; Yes        ; |ROB|rob_entry[40][2]       ;
; 7:1                ; 3 bits    ; 12 LEs        ; 12 LEs               ; 0 LEs                  ; Yes        ; |ROB|rob_entry[41][2]       ;
; 7:1                ; 3 bits    ; 12 LEs        ; 12 LEs               ; 0 LEs                  ; Yes        ; |ROB|rob_entry[42][4]       ;
; 7:1                ; 3 bits    ; 12 LEs        ; 12 LEs               ; 0 LEs                  ; Yes        ; |ROB|rob_entry[43][3]       ;
; 7:1                ; 3 bits    ; 12 LEs        ; 12 LEs               ; 0 LEs                  ; Yes        ; |ROB|rob_entry[44][3]       ;
; 7:1                ; 3 bits    ; 12 LEs        ; 12 LEs               ; 0 LEs                  ; Yes        ; |ROB|rob_entry[45][4]       ;
; 7:1                ; 3 bits    ; 12 LEs        ; 12 LEs               ; 0 LEs                  ; Yes        ; |ROB|rob_entry[46][4]       ;
; 7:1                ; 3 bits    ; 12 LEs        ; 12 LEs               ; 0 LEs                  ; Yes        ; |ROB|rob_entry[47][3]       ;
; 7:1                ; 3 bits    ; 12 LEs        ; 12 LEs               ; 0 LEs                  ; Yes        ; |ROB|rob_entry[48][4]       ;
; 7:1                ; 3 bits    ; 12 LEs        ; 12 LEs               ; 0 LEs                  ; Yes        ; |ROB|rob_entry[49][3]       ;
; 7:1                ; 3 bits    ; 12 LEs        ; 12 LEs               ; 0 LEs                  ; Yes        ; |ROB|rob_entry[50][3]       ;
; 9:1                ; 17 bits   ; 102 LEs       ; 85 LEs               ; 17 LEs                 ; Yes        ; |ROB|rob_entry[0][22]       ;
; 9:1                ; 17 bits   ; 102 LEs       ; 85 LEs               ; 17 LEs                 ; Yes        ; |ROB|rob_entry[1][11]       ;
; 9:1                ; 17 bits   ; 102 LEs       ; 85 LEs               ; 17 LEs                 ; Yes        ; |ROB|rob_entry[2][24]       ;
; 9:1                ; 17 bits   ; 102 LEs       ; 85 LEs               ; 17 LEs                 ; Yes        ; |ROB|rob_entry[3][14]       ;
; 9:1                ; 17 bits   ; 102 LEs       ; 85 LEs               ; 17 LEs                 ; Yes        ; |ROB|rob_entry[4][15]       ;
; 9:1                ; 17 bits   ; 102 LEs       ; 85 LEs               ; 17 LEs                 ; Yes        ; |ROB|rob_entry[5][21]       ;
; 9:1                ; 17 bits   ; 102 LEs       ; 85 LEs               ; 17 LEs                 ; Yes        ; |ROB|rob_entry[6][11]       ;
; 9:1                ; 17 bits   ; 102 LEs       ; 85 LEs               ; 17 LEs                 ; Yes        ; |ROB|rob_entry[7][25]       ;
; 9:1                ; 17 bits   ; 102 LEs       ; 85 LEs               ; 17 LEs                 ; Yes        ; |ROB|rob_entry[8][20]       ;
; 9:1                ; 17 bits   ; 102 LEs       ; 85 LEs               ; 17 LEs                 ; Yes        ; |ROB|rob_entry[9][17]       ;
; 9:1                ; 17 bits   ; 102 LEs       ; 85 LEs               ; 17 LEs                 ; Yes        ; |ROB|rob_entry[10][9]       ;
; 9:1                ; 17 bits   ; 102 LEs       ; 85 LEs               ; 17 LEs                 ; Yes        ; |ROB|rob_entry[11][15]      ;
; 9:1                ; 17 bits   ; 102 LEs       ; 85 LEs               ; 17 LEs                 ; Yes        ; |ROB|rob_entry[12][10]      ;
; 9:1                ; 17 bits   ; 102 LEs       ; 85 LEs               ; 17 LEs                 ; Yes        ; |ROB|rob_entry[13][16]      ;
; 9:1                ; 17 bits   ; 102 LEs       ; 85 LEs               ; 17 LEs                 ; Yes        ; |ROB|rob_entry[14][23]      ;
; 9:1                ; 17 bits   ; 102 LEs       ; 85 LEs               ; 17 LEs                 ; Yes        ; |ROB|rob_entry[15][20]      ;
; 9:1                ; 17 bits   ; 102 LEs       ; 85 LEs               ; 17 LEs                 ; Yes        ; |ROB|rob_entry[16][18]      ;
; 9:1                ; 17 bits   ; 102 LEs       ; 85 LEs               ; 17 LEs                 ; Yes        ; |ROB|rob_entry[17][16]      ;
; 9:1                ; 17 bits   ; 102 LEs       ; 85 LEs               ; 17 LEs                 ; Yes        ; |ROB|rob_entry[18][15]      ;
; 9:1                ; 17 bits   ; 102 LEs       ; 85 LEs               ; 17 LEs                 ; Yes        ; |ROB|rob_entry[19][21]      ;
; 9:1                ; 17 bits   ; 102 LEs       ; 85 LEs               ; 17 LEs                 ; Yes        ; |ROB|rob_entry[20][15]      ;
; 9:1                ; 17 bits   ; 102 LEs       ; 85 LEs               ; 17 LEs                 ; Yes        ; |ROB|rob_entry[21][25]      ;
; 9:1                ; 17 bits   ; 102 LEs       ; 85 LEs               ; 17 LEs                 ; Yes        ; |ROB|rob_entry[22][18]      ;
; 9:1                ; 17 bits   ; 102 LEs       ; 85 LEs               ; 17 LEs                 ; Yes        ; |ROB|rob_entry[23][16]      ;
; 9:1                ; 17 bits   ; 102 LEs       ; 85 LEs               ; 17 LEs                 ; Yes        ; |ROB|rob_entry[24][13]      ;
; 9:1                ; 17 bits   ; 102 LEs       ; 85 LEs               ; 17 LEs                 ; Yes        ; |ROB|rob_entry[25][15]      ;
; 9:1                ; 17 bits   ; 102 LEs       ; 85 LEs               ; 17 LEs                 ; Yes        ; |ROB|rob_entry[26][15]      ;
; 9:1                ; 17 bits   ; 102 LEs       ; 85 LEs               ; 17 LEs                 ; Yes        ; |ROB|rob_entry[27][9]       ;
; 9:1                ; 17 bits   ; 102 LEs       ; 85 LEs               ; 17 LEs                 ; Yes        ; |ROB|rob_entry[28][21]      ;
; 9:1                ; 17 bits   ; 102 LEs       ; 85 LEs               ; 17 LEs                 ; Yes        ; |ROB|rob_entry[29][12]      ;
; 9:1                ; 17 bits   ; 102 LEs       ; 85 LEs               ; 17 LEs                 ; Yes        ; |ROB|rob_entry[30][22]      ;
; 9:1                ; 17 bits   ; 102 LEs       ; 85 LEs               ; 17 LEs                 ; Yes        ; |ROB|rob_entry[31][23]      ;
; 9:1                ; 17 bits   ; 102 LEs       ; 85 LEs               ; 17 LEs                 ; Yes        ; |ROB|rob_entry[32][17]      ;
; 9:1                ; 17 bits   ; 102 LEs       ; 85 LEs               ; 17 LEs                 ; Yes        ; |ROB|rob_entry[33][10]      ;
; 9:1                ; 17 bits   ; 102 LEs       ; 85 LEs               ; 17 LEs                 ; Yes        ; |ROB|rob_entry[34][19]      ;
; 9:1                ; 17 bits   ; 102 LEs       ; 85 LEs               ; 17 LEs                 ; Yes        ; |ROB|rob_entry[35][16]      ;
; 9:1                ; 17 bits   ; 102 LEs       ; 85 LEs               ; 17 LEs                 ; Yes        ; |ROB|rob_entry[36][12]      ;
; 9:1                ; 17 bits   ; 102 LEs       ; 85 LEs               ; 17 LEs                 ; Yes        ; |ROB|rob_entry[37][18]      ;
; 9:1                ; 17 bits   ; 102 LEs       ; 85 LEs               ; 17 LEs                 ; Yes        ; |ROB|rob_entry[38][10]      ;
; 9:1                ; 17 bits   ; 102 LEs       ; 85 LEs               ; 17 LEs                 ; Yes        ; |ROB|rob_entry[39][23]      ;
; 9:1                ; 17 bits   ; 102 LEs       ; 85 LEs               ; 17 LEs                 ; Yes        ; |ROB|rob_entry[40][24]      ;
; 9:1                ; 17 bits   ; 102 LEs       ; 85 LEs               ; 17 LEs                 ; Yes        ; |ROB|rob_entry[41][11]      ;
; 9:1                ; 17 bits   ; 102 LEs       ; 85 LEs               ; 17 LEs                 ; Yes        ; |ROB|rob_entry[42][11]      ;
; 9:1                ; 17 bits   ; 102 LEs       ; 85 LEs               ; 17 LEs                 ; Yes        ; |ROB|rob_entry[43][15]      ;
; 9:1                ; 17 bits   ; 102 LEs       ; 85 LEs               ; 17 LEs                 ; Yes        ; |ROB|rob_entry[44][14]      ;
; 9:1                ; 17 bits   ; 102 LEs       ; 85 LEs               ; 17 LEs                 ; Yes        ; |ROB|rob_entry[45][23]      ;
; 9:1                ; 17 bits   ; 102 LEs       ; 85 LEs               ; 17 LEs                 ; Yes        ; |ROB|rob_entry[46][11]      ;
; 9:1                ; 17 bits   ; 102 LEs       ; 85 LEs               ; 17 LEs                 ; Yes        ; |ROB|rob_entry[47][14]      ;
; 9:1                ; 17 bits   ; 102 LEs       ; 85 LEs               ; 17 LEs                 ; Yes        ; |ROB|rob_entry[48][14]      ;
; 9:1                ; 17 bits   ; 102 LEs       ; 85 LEs               ; 17 LEs                 ; Yes        ; |ROB|rob_entry[49][12]      ;
; 9:1                ; 17 bits   ; 102 LEs       ; 85 LEs               ; 17 LEs                 ; Yes        ; |ROB|rob_entry[50][21]      ;
; 16:1               ; 16 bits   ; 160 LEs       ; 32 LEs               ; 128 LEs                ; Yes        ; |ROB|dest_val1[0]~reg0      ;
; 16:1               ; 16 bits   ; 160 LEs       ; 32 LEs               ; 128 LEs                ; Yes        ; |ROB|dest_val2[13]~reg0     ;
; 19:1               ; 16 bits   ; 192 LEs       ; 16 LEs               ; 176 LEs                ; Yes        ; |ROB|mem_add1[7]~reg0       ;
; 13:1               ; 6 bits    ; 48 LEs        ; 6 LEs                ; 42 LEs                 ; Yes        ; |ROB|cz_write_add1[0]~reg0  ;
; 13:1               ; 10 bits   ; 80 LEs        ; 10 LEs               ; 70 LEs                 ; Yes        ; |ROB|dest_RRF1[0]~reg0      ;
; 13:1               ; 6 bits    ; 48 LEs        ; 6 LEs                ; 42 LEs                 ; Yes        ; |ROB|cz_write_data2[0]~reg0 ;
; 104:1              ; 16 bits   ; 1104 LEs      ; 544 LEs              ; 560 LEs                ; Yes        ; |ROB|target_address[5]~reg0 ;
; 22:1               ; 16 bits   ; 224 LEs       ; 32 LEs               ; 192 LEs                ; Yes        ; |ROB|mem_add2[10]~reg0      ;
; 16:1               ; 10 bits   ; 100 LEs       ; 20 LEs               ; 80 LEs                 ; Yes        ; |ROB|dest_RRF2[4]~reg0      ;
; 51:1               ; 59 bits   ; 2006 LEs      ; 2006 LEs             ; 0 LEs                  ; No         ; |ROB|Mux16                  ;
; 51:1               ; 16 bits   ; 544 LEs       ; 544 LEs              ; 0 LEs                  ; No         ; |ROB|Mux24                  ;
; 51:1               ; 59 bits   ; 2006 LEs      ; 2006 LEs             ; 0 LEs                  ; No         ; |ROB|Mux446                 ;
; 51:1               ; 16 bits   ; 544 LEs       ; 544 LEs              ; 0 LEs                  ; No         ; |ROB|Mux412                 ;
+--------------------+-----------+---------------+----------------------+------------------------+------------+-----------------------------+


+---------------------------------------------------------------------+
; Parameter Settings for User Entity Instance: Top-level Entity: |ROB ;
+----------------+-------+--------------------------------------------+
; Parameter Name ; Value ; Type                                       ;
+----------------+-------+--------------------------------------------+
; word_width     ; 76    ; Signed Integer                             ;
+----------------+-------+--------------------------------------------+
Note: In order to hide this table in the UI and the text report file, please set the "Show Parameter Settings in Synthesis Report" option in "Analysis and Synthesis Settings -> More Settings" to "Off".


+-------------------------------+
; Analysis & Synthesis Messages ;
+-------------------------------+
Info: *******************************************************************
Info: Running Quartus Prime Analysis & Synthesis
    Info: Version 20.1.1 Build 720 11/11/2020 SJ Lite Edition
    Info: Processing started: Tue Dec 06 22:50:26 2022
Info: Command: quartus_map --read_settings_files=on --write_settings_files=off OOO_SuperScaler -c DUT
Warning (18236): Number of processors has not been specified which may cause overloading on shared machines.  Set the global assignment NUM_PARALLEL_PROCESSORS in your QSF to an appropriate value for best performance.
Info (20030): Parallel compilation is enabled and will use 4 of the 4 processors detected
Info (12021): Found 2 design units, including 1 entities, in source file rob.vhdl
    Info (12022): Found design unit 1: ROB-beh File: D:/Desktop/GitHub/OOO-SuperScaler/ROB.vhdl Line: 59
    Info (12023): Found entity 1: ROB File: D:/Desktop/GitHub/OOO-SuperScaler/ROB.vhdl Line: 8
Info (12127): Elaborating entity "ROB" for the top level hierarchy
Warning (10036): Verilog HDL or VHDL warning at ROB.vhdl(62): object "which_load" assigned a value but never read File: D:/Desktop/GitHub/OOO-SuperScaler/ROB.vhdl Line: 62
Warning (10492): VHDL Process Statement warning at ROB.vhdl(78): signal "rob_entry" is read inside the Process Statement but isn't in the Process Statement's sensitivity list File: D:/Desktop/GitHub/OOO-SuperScaler/ROB.vhdl Line: 78
Warning (13024): Output pins are stuck at VCC or GND
    Warning (13410): Pin "rob_full" is stuck at GND File: D:/Desktop/GitHub/OOO-SuperScaler/ROB.vhdl Line: 54
Info (21057): Implemented 23492 device resources after synthesis - the final resource count might be different
    Info (21058): Implemented 394 input pins
    Info (21059): Implemented 139 output pins
    Info (21061): Implemented 22959 logic cells
Info: Quartus Prime Analysis & Synthesis was successful. 0 errors, 5 warnings
    Info: Peak virtual memory: 4890 megabytes
    Info: Processing ended: Tue Dec 06 22:53:17 2022
    Info: Elapsed time: 00:02:51
    Info: Total CPU time (on all processors): 00:03:01


